[2026-07-28 20:14:21] WARNING: (404) Record 1tDnghXqvoF2TcnJKhg1uhc7xtn60an1c not found. :: PATCH /RealEstateProperty/1tDnghXqvoF2TcnJKhg1uhc7xtn60an1c :: /var/www/html/application/Espo/Core/Record/Service.php(762)
[2026-07-28 22:44:16] WARNING: (404) Record 6a691696bef81406a not found. :: PATCH /RealEstateProperty/6a691696bef81406a :: /var/www/html/application/Espo/Core/Record/Service.php(762)
[2026-07-28 22:44:17] WARNING: (404) Record 6a691696bef81406a not found. :: PATCH /RealEstateProperty/6a691696bef81406a :: /var/www/html/application/Espo/Core/Record/Service.php(762)
[2026-07-28 22:44:18] WARNING: (404) Record 6a691696bef81406a not found. :: PATCH /RealEstateProperty/6a691696bef81406a :: /var/www/html/application/Espo/Core/Record/Service.php(762)
[2026-07-28 22:47:58] WARNING: (404) Record 6a691696bef81406a not found. :: PATCH /RealEstateProperty/6a691696bef81406a :: /var/www/html/application/Espo/Core/Record/Service.php(762)
[2026-07-28 22:47:59] WARNING: (404) Record 6a691696bef81406a not found. :: PATCH /RealEstateProperty/6a691696bef81406a :: /var/www/html/application/Espo/Core/Record/Service.php(762)
[2026-07-28 22:48:00] WARNING: (404) Record 6a691696bef81406a not found. :: PATCH /RealEstateProperty/6a691696bef81406a :: /var/www/html/application/Espo/Core/Record/Service.php(762)
[2026-07-28 23:04:11] WARNING: E_WARNING: stream_socket_client(): Failed to enable crypto
[2026-07-28 23:04:11] WARNING: E_WARNING: stream_socket_client(): Unable to connect to ssl://imap.hostinger.com:993 (Unknown error)
[2026-07-28 23:04:11] ERROR: (0) EmailAccount 6a283b957f96f573a, could not select folder 'INBOX'; Stream failed to open:  :: /var/www/html/application/Espo/Core/Mail/Account/Storage/DirectoryTreeStorage.php(317)
[2026-07-28 23:08:08] WARNING: E_WARNING: stream_socket_client(): Failed to enable crypto
[2026-07-28 23:08:08] WARNING: E_WARNING: stream_socket_client(): Unable to connect to ssl://imap.hostinger.com:993 (Unknown error)
[2026-07-28 23:08:08] ERROR: (0) InboundEmail 6a2835f6e040f0805, could not select folder 'INBOX'; Stream failed to open:  :: /var/www/html/application/Espo/Core/Mail/Account/Storage/DirectoryTreeStorage.php(317)
[2026-07-28 23:18:34] WARNING: E_WARNING: stream_socket_client(): SSL: Handshake timed out
[2026-07-28 23:18:34] WARNING: E_WARNING: stream_socket_client(): Failed to enable crypto
[2026-07-28 23:18:34] WARNING: E_WARNING: stream_socket_client(): Unable to connect to ssl://imap.hostinger.com:993 (Unknown error)
[2026-07-28 23:18:34] ERROR: (0) EmailAccount 6a283b957f96f573a, could not select folder 'INBOX'; Stream failed to open:  :: /var/www/html/application/Espo/Core/Mail/Account/Storage/DirectoryTreeStorage.php(317)
[2026-07-28 23:22:12] WARNING: E_WARNING: stream_socket_client(): Failed to enable crypto
[2026-07-28 23:22:12] WARNING: E_WARNING: stream_socket_client(): Unable to connect to ssl://imap.hostinger.com:993 (Unknown error)
[2026-07-28 23:22:12] ERROR: (0) EmailAccount 6a283b957f96f573a, could not select folder 'INBOX'; Stream failed to open:  :: /var/www/html/application/Espo/Core/Mail/Account/Storage/DirectoryTreeStorage.php(317)
[2026-07-28 23:28:35] WARNING: E_WARNING: stream_socket_client(): SSL: Handshake timed out
[2026-07-28 23:28:35] WARNING: E_WARNING: stream_socket_client(): Failed to enable crypto
[2026-07-28 23:28:35] WARNING: E_WARNING: stream_socket_client(): Unable to connect to ssl://imap.hostinger.com:993 (Unknown error)
[2026-07-28 23:28:35] ERROR: (0) InboundEmail 6a2835f6e040f0805, could not select folder 'INBOX'; Stream failed to open:  :: /var/www/html/application/Espo/Core/Mail/Account/Storage/DirectoryTreeStorage.php(317)
[2026-07-28 23:31:34] WARNING: E_WARNING: stream_socket_client(): SSL: Handshake timed out
[2026-07-28 23:31:34] WARNING: E_WARNING: stream_socket_client(): Failed to enable crypto
[2026-07-28 23:31:34] WARNING: E_WARNING: stream_socket_client(): Unable to connect to ssl://imap.hostinger.com:993 (Unknown error)
[2026-07-28 23:31:34] ERROR: (0) EmailAccount 6a283c530434a07db, could not select folder 'INBOX'; Stream failed to open:  :: /var/www/html/application/Espo/Core/Mail/Account/Storage/DirectoryTreeStorage.php(317)
[2026-07-28 23:40:35] WARNING: E_WARNING: stream_socket_client(): SSL: Handshake timed out
[2026-07-28 23:40:35] WARNING: E_WARNING: stream_socket_client(): Failed to enable crypto
[2026-07-28 23:40:35] WARNING: E_WARNING: stream_socket_client(): Unable to connect to ssl://imap.hostinger.com:993 (Unknown error)
[2026-07-28 23:40:35] ERROR: (0) EmailAccount 6a283b957f96f573a, could not select folder 'INBOX'; Stream failed to open:  :: /var/www/html/application/Espo/Core/Mail/Account/Storage/DirectoryTreeStorage.php(317)
[2026-07-28 23:46:14] WARNING: E_WARNING: stream_socket_client(): Failed to enable crypto
[2026-07-28 23:46:14] WARNING: E_WARNING: stream_socket_client(): Unable to connect to ssl://imap.hostinger.com:993 (Unknown error)
[2026-07-28 23:46:14] ERROR: (0) EmailAccount 6a283b957f96f573a, could not select folder 'INBOX'; Stream failed to open:  :: /var/www/html/application/Espo/Core/Mail/Account/Storage/DirectoryTreeStorage.php(317)
[2026-07-28 23:48:35] WARNING: E_WARNING: stream_socket_client(): SSL: Handshake timed out
[2026-07-28 23:48:35] WARNING: E_WARNING: stream_socket_client(): Failed to enable crypto
[2026-07-28 23:48:35] WARNING: E_WARNING: stream_socket_client(): Unable to connect to ssl://imap.hostinger.com:993 (Unknown error)
[2026-07-28 23:48:35] ERROR: (0) InboundEmail 6a2835f6e040f0805, could not select folder 'INBOX'; Stream failed to open:  :: /var/www/html/application/Espo/Core/Mail/Account/Storage/DirectoryTreeStorage.php(317)
