[2026-07-29 00:01:35] WARNING: E_WARNING: stream_socket_client(): SSL: Handshake timed out
[2026-07-29 00:01:35] WARNING: E_WARNING: stream_socket_client(): Failed to enable crypto
[2026-07-29 00:01:35] WARNING: E_WARNING: stream_socket_client(): Unable to connect to ssl://imap.hostinger.com:993 (Unknown error)
[2026-07-29 00:01:35] ERROR: (0) EmailAccount 6a283b957f96f573a, could not select folder 'INBOX'; Stream failed to open:  :: /var/www/html/application/Espo/Core/Mail/Account/Storage/DirectoryTreeStorage.php(317)
[2026-07-29 00:02:35] WARNING: E_WARNING: stream_socket_client(): SSL: Handshake timed out
[2026-07-29 00:02:35] WARNING: E_WARNING: stream_socket_client(): Failed to enable crypto
[2026-07-29 00:02:35] WARNING: E_WARNING: stream_socket_client(): Unable to connect to ssl://imap.hostinger.com:993 (Unknown error)
[2026-07-29 00:02:35] ERROR: (0) InboundEmail 6a2835f6e040f0805, could not select folder 'INBOX'; Stream failed to open:  :: /var/www/html/application/Espo/Core/Mail/Account/Storage/DirectoryTreeStorage.php(317)
[2026-07-29 00:03:35] WARNING: E_WARNING: stream_socket_client(): SSL: Handshake timed out
[2026-07-29 00:03:35] WARNING: E_WARNING: stream_socket_client(): Failed to enable crypto
[2026-07-29 00:03:35] WARNING: E_WARNING: stream_socket_client(): Unable to connect to ssl://imap.hostinger.com:993 (Unknown error)
[2026-07-29 00:03:35] ERROR: (0) EmailAccount 6a283b957f96f573a, could not select folder 'INBOX'; Stream failed to open:  :: /var/www/html/application/Espo/Core/Mail/Account/Storage/DirectoryTreeStorage.php(317)
[2026-07-29 00:04:35] WARNING: E_WARNING: stream_socket_client(): SSL: Handshake timed out
[2026-07-29 00:04:35] WARNING: E_WARNING: stream_socket_client(): Failed to enable crypto
[2026-07-29 00:04:35] WARNING: E_WARNING: stream_socket_client(): Unable to connect to ssl://imap.hostinger.com:993 (Unknown error)
[2026-07-29 00:04:35] ERROR: (0) EmailAccount 6a283b957f96f573a, could not select folder 'INBOX'; Stream failed to open:  :: /var/www/html/application/Espo/Core/Mail/Account/Storage/DirectoryTreeStorage.php(317)
[2026-07-29 01:55:35] WARNING: E_WARNING: stream_socket_client(): SSL: Handshake timed out
[2026-07-29 01:55:35] WARNING: E_WARNING: stream_socket_client(): Failed to enable crypto
[2026-07-29 01:55:35] WARNING: E_WARNING: stream_socket_client(): Unable to connect to ssl://imap.hostinger.com:993 (Unknown error)
[2026-07-29 01:55:35] ERROR: (0) EmailAccount 6a283b957f96f573a, could not select folder 'INBOX'; Stream failed to open:  :: /var/www/html/application/Espo/Core/Mail/Account/Storage/DirectoryTreeStorage.php(317)
[2026-07-29 19:32:12] WARNING: (400) Field validation failure; entityType: Contact, field: lastName, type: required. :: POST /Contact
[2026-07-29 19:45:59] WARNING: (400) Field validation failure; entityType: Contact, field: lastName, type: required. :: POST /Contact
[2026-07-29 19:46:20] WARNING: (400) Field validation failure; entityType: Contact, field: lastName, type: required. :: POST /Contact
[2026-07-29 19:46:27] WARNING: (400) Field validation failure; entityType: Contact, field: lastName, type: required. :: POST /Contact
[2026-07-29 19:46:39] WARNING: (400) Field validation failure; entityType: Contact, field: lastName, type: required. :: POST /Contact
[2026-07-29 19:47:01] WARNING: (400) Field validation failure; entityType: Contact, field: lastName, type: required. :: POST /Contact
[2026-07-29 19:47:05] WARNING: (400) Field validation failure; entityType: Contact, field: lastName, type: required. :: POST /Contact
[2026-07-29 19:48:42] WARNING: (400) Field validation failure; entityType: Contact, field: lastName, type: required. :: POST /Contact
[2026-07-29 20:01:41] WARNING: (400) Field validation failure; entityType: Contact, field: phoneNumber, type: valid. :: POST /Contact
[2026-07-29 20:01:42] WARNING: (400) Field validation failure; entityType: Contact, field: phoneNumber, type: valid. :: POST /Contact
[2026-07-29 20:01:43] WARNING: (400) Field validation failure; entityType: Contact, field: phoneNumber, type: valid. :: POST /Contact
[2026-07-29 20:06:29] WARNING: (400) Field validation failure; entityType: Contact, field: phoneNumber, type: valid. :: POST /Contact
[2026-07-29 20:06:30] WARNING: (400) Field validation failure; entityType: Contact, field: phoneNumber, type: valid. :: POST /Contact
[2026-07-29 20:06:31] WARNING: (400) Field validation failure; entityType: Contact, field: phoneNumber, type: valid. :: POST /Contact
[2026-07-29 20:07:53] WARNING: (400) Field validation failure; entityType: Contact, field: phoneNumber, type: valid. :: POST /Contact
[2026-07-29 20:07:54] WARNING: (400) Field validation failure; entityType: Contact, field: phoneNumber, type: valid. :: POST /Contact
[2026-07-29 20:07:55] WARNING: (400) Field validation failure; entityType: Contact, field: phoneNumber, type: valid. :: POST /Contact
[2026-07-29 20:08:20] WARNING: (400) Field validation failure; entityType: Contact, field: phoneNumber, type: valid. :: POST /Contact
[2026-07-29 20:08:21] WARNING: (400) Field validation failure; entityType: Contact, field: phoneNumber, type: valid. :: POST /Contact
[2026-07-29 20:08:22] WARNING: (400) Field validation failure; entityType: Contact, field: phoneNumber, type: valid. :: POST /Contact
[2026-07-29 20:10:10] WARNING: (400) Field validation failure; entityType: Contact, field: phoneNumber, type: valid. :: POST /Contact
[2026-07-29 20:10:11] WARNING: (400) Field validation failure; entityType: Contact, field: phoneNumber, type: valid. :: POST /Contact
[2026-07-29 20:10:12] WARNING: (400) Field validation failure; entityType: Contact, field: phoneNumber, type: valid. :: POST /Contact
[2026-07-29 20:10:44] WARNING: (400) Field validation failure; entityType: Contact, field: phoneNumber, type: valid. :: POST /Contact
[2026-07-29 20:10:45] WARNING: (400) Field validation failure; entityType: Contact, field: phoneNumber, type: valid. :: POST /Contact
[2026-07-29 20:10:46] WARNING: (400) Field validation failure; entityType: Contact, field: phoneNumber, type: valid. :: POST /Contact
[2026-07-29 20:16:01] WARNING: (400) Field validation failure; entityType: Contact, field: phoneNumber, type: valid. :: POST /Contact
[2026-07-29 20:16:02] WARNING: (400) Field validation failure; entityType: Contact, field: phoneNumber, type: valid. :: POST /Contact
[2026-07-29 20:16:03] WARNING: (400) Field validation failure; entityType: Contact, field: phoneNumber, type: valid. :: POST /Contact
[2026-07-29 20:25:58] WARNING: (404)  :: GET /Activities/Contact/6a6a58dbddc9b3f34/history :: /var/www/html/application/Espo/Modules/Crm/Tools/Activities/Service.php(1001)
[2026-07-29 20:25:58] WARNING: (404)  :: GET /Activities/Contact/6a6a58dbddc9b3f34/activities :: /var/www/html/application/Espo/Modules/Crm/Tools/Activities/Service.php(947)
[2026-07-29 20:25:58] WARNING: (404)  :: GET /Contact/6a6a58dbddc9b3f34/requests :: /var/www/html/application/Espo/Core/Record/Service.php(1025)
[2026-07-29 20:25:58] WARNING: (404)  :: GET /Contact/6a6a58dbddc9b3f34/opportunities :: /var/www/html/application/Espo/Core/Record/Service.php(1025)
[2026-07-29 20:25:58] WARNING: (404)  :: GET /Contact/6a6a58dbddc9b3f34/properties :: /var/www/html/application/Espo/Core/Record/Service.php(1025)
[2026-07-29 20:25:58] WARNING: (404)  :: GET /Contact/6a6a58dbddc9b3f34/tasks :: /var/www/html/application/Espo/Core/Record/Service.php(1025)
[2026-07-29 20:25:58] WARNING: (404) Record not found. :: GET /Contact/6a6a58dbddc9b3f34/stream :: /var/www/html/application/Espo/Tools/Stream/RecordService.php(423)
[2026-07-29 20:26:07] WARNING: (404) Record 6a6a58dbddc9b3f34 not found. :: DELETE /Contact/6a6a58dbddc9b3f34 :: /var/www/html/application/Espo/Core/Record/Service.php(851)
